INFO  17:31:14,783 - Kompajliranje fajla: D:\Faks\PP1\workspace\MJCompiler\test\syn_errors.mj
INFO  17:31:14,783 - ===================================
INFO  17:31:14,783 - Leksicka analiza
INFO  17:31:14,801 - ===================================
INFO  17:31:14,802 - Sintaksna analiza
INFO  17:31:14,848 - #2 program
INFO  17:31:14,848 - #51 test_303
INFO  17:31:14,848 - #7 const
INFO  17:31:14,849 - #51 int
INFO  17:31:14,849 - #51 cinilac
INFO  17:31:14,850 - #36 =
INFO  17:31:14,850 - #50 4
INFO  17:31:14,850 - #41 ,
INFO  17:31:14,851 - #51 delilac
INFO  17:31:14,851 - #36 =
INFO  17:31:14,851 - #50 3
INFO  17:31:14,851 - #39 ;
INFO  17:31:14,851 - #4 class
INFO  17:31:14,852 - #51 Predmet
INFO  17:31:14,852 - #47 {
INFO  17:31:14,854 - #51 int
INFO  17:31:14,855 - #51 tezina
INFO  17:31:14,855 - #39 ;
INFO  17:31:14,856 - #51 int
INFO  17:31:14,856 - #51 koefTezine
INFO  17:31:14,856 - #39 ;
INFO  17:31:14,856 - #51 char
INFO  17:31:14,856 - #51 vrsta
INFO  17:31:14,856 - #39 ;
INFO  17:31:14,856 - #47 {
INFO  17:31:14,856 - #51 Predmet
INFO  17:31:14,857 - #43 (
INFO  17:31:14,857 - #44 )
INFO  17:31:14,857 - #47 {
INFO  17:31:14,858 - #51 koefTezine
INFO  17:31:14,858 - #36 =
INFO  17:31:14,858 - #50 1
INFO  17:31:14,859 - #39 ;
INFO  17:31:14,859 - #48 }
INFO  17:31:14,860 - #15 void
INFO  17:31:14,860 - #51 postaviTezinu
INFO  17:31:14,861 - #43 (
INFO  17:31:14,861 - #51 int
INFO  17:31:14,861 - #51 tezina
INFO  17:31:14,861 - #44 )
INFO  17:31:14,862 - #47 {
INFO  17:31:14,862 - #18 this
INFO  17:31:14,862 - #42 .
INFO  17:31:14,863 - #51 tezina
INFO  17:31:14,863 - #36 =
INFO  17:31:14,863 - #51 tezina
INFO  17:31:14,863 - #25 *
INFO  17:31:14,863 - #51 koefTezine
INFO  17:31:14,864 - #39 ;
INFO  17:31:14,864 - #48 }
INFO  17:31:14,865 - #15 void
INFO  17:31:14,865 - #51 ucitajTezinu
INFO  17:31:14,865 - #43 (
INFO  17:31:14,865 - #44 )
INFO  17:31:14,866 - #47 {
INFO  17:31:14,866 - #13 read
INFO  17:31:14,866 - #43 (
INFO  17:31:14,866 - #51 tezina
INFO  17:31:14,866 - #44 )
INFO  17:31:14,867 - #39 ;
INFO  17:31:14,867 - #48 }
INFO  17:31:14,867 - #51 int
INFO  17:31:14,867 - #51 zapremina
INFO  17:31:14,867 - #43 (
INFO  17:31:14,867 - #44 )
INFO  17:31:14,867 - #47 {
INFO  17:31:14,867 - #14 return
INFO  17:31:14,867 - #50 0
INFO  17:31:14,867 - #39 ;
INFO  17:31:14,868 - #48 }
INFO  17:31:14,868 - #51 int
INFO  17:31:14,868 - #51 Q
INFO  17:31:14,868 - #43 (
INFO  17:31:14,868 - #44 )
INFO  17:31:14,868 - #47 {
INFO  17:31:14,868 - #14 return
INFO  17:31:14,868 - #51 zapremina
INFO  17:31:14,868 - #43 (
INFO  17:31:14,868 - #44 )
INFO  17:31:14,869 - #25 *
INFO  17:31:14,869 - #51 tezina
INFO  17:31:14,870 - #39 ;
INFO  17:31:14,870 - #48 }
INFO  17:31:14,870 - #15 void
INFO  17:31:14,870 - #51 postaviVrstu
INFO  17:31:14,870 - #43 (
INFO  17:31:14,870 - #51 char
INFO  17:31:14,870 - #51 vrsta
INFO  17:31:14,870 - #44 )
INFO  17:31:14,870 - #47 {
INFO  17:31:14,870 - #18 this
INFO  17:31:14,870 - #42 .
INFO  17:31:14,870 - #51 vrsta
INFO  17:31:14,871 - #36 =
INFO  17:31:14,871 - #51 vrsta
INFO  17:31:14,871 - #39 ;
INFO  17:31:14,871 - #48 }
INFO  17:31:14,871 - #51 char
INFO  17:31:14,871 - #51 dohvVrstu
INFO  17:31:14,871 - #43 (
INFO  17:31:14,871 - #44 )
INFO  17:31:14,871 - #47 {
INFO  17:31:14,871 - #14 return
INFO  17:31:14,871 - #51 vrsta
INFO  17:31:14,871 - #39 ;
INFO  17:31:14,871 - #48 }
INFO  17:31:14,871 - #51 int
INFO  17:31:14,872 - #51 dohvTezinu
INFO  17:31:14,872 - #43 (
INFO  17:31:14,872 - #44 )
INFO  17:31:14,872 - #47 {
INFO  17:31:14,872 - #14 return
INFO  17:31:14,872 - #51 tezina
INFO  17:31:14,872 - #39 ;
INFO  17:31:14,872 - #48 }
INFO  17:31:14,872 - #15 void
INFO  17:31:14,872 - #51 ispisi
INFO  17:31:14,872 - #43 (
INFO  17:31:14,872 - #44 )
INFO  17:31:14,872 - #47 {
INFO  17:31:14,872 - #12 print
INFO  17:31:14,872 - #43 (
INFO  17:31:14,873 - #51 vrsta
INFO  17:31:14,873 - #44 )
INFO  17:31:14,873 - #39 ;
INFO  17:31:14,873 - #12 print
INFO  17:31:14,873 - #43 (
INFO  17:31:14,873 - #51 Q
INFO  17:31:14,873 - #43 (
INFO  17:31:14,873 - #44 )
INFO  17:31:14,873 - #44 )
INFO  17:31:14,873 - #39 ;
INFO  17:31:14,873 - #48 }
INFO  17:31:14,873 - #48 }
INFO  17:31:14,874 - #48 }
INFO  17:31:14,874 - #4 class
INFO  17:31:14,875 - #51 Sfera
INFO  17:31:14,875 - #16 extends
INFO  17:31:14,875 - #50 123
INFO  17:31:14,875 - #47 {
INFO  17:31:14,875 - #51 int
INFO  17:31:14,875 - #51 r
INFO  17:31:14,876 - #39 ;
INFO  17:31:14,877 - #47 {
INFO  17:31:14,877 - #51 Sfera
INFO  17:31:14,877 - #43 (
INFO  17:31:14,877 - #44 )
INFO  17:31:14,877 - #47 {
INFO  17:31:14,877 - #19 super
INFO  17:31:14,877 - #43 (
INFO  17:31:14,877 - #44 )
INFO  17:31:14,877 - #39 ;
INFO  17:31:14,877 - #51 vrsta
INFO  17:31:14,878 - #36 =
INFO  17:31:14,878 - #49 s
INFO  17:31:14,878 - #39 ;
INFO  17:31:14,878 - #48 }
INFO  17:31:14,878 - #15 void
INFO  17:31:14,878 - #51 postaviPoluprecnik
INFO  17:31:14,878 - #43 (
INFO  17:31:14,878 - #51 int
INFO  17:31:14,878 - #51 r
INFO  17:31:14,878 - #44 )
INFO  17:31:14,878 - #47 {
INFO  17:31:14,879 - #18 this
INFO  17:31:14,879 - #42 .
INFO  17:31:14,879 - #51 r
INFO  17:31:14,879 - #36 =
INFO  17:31:14,879 - #51 r
INFO  17:31:14,879 - #39 ;
INFO  17:31:14,879 - #48 }
INFO  17:31:14,879 - #51 int
INFO  17:31:14,879 - #51 zapremina
INFO  17:31:14,879 - #43 (
INFO  17:31:14,879 - #44 )
INFO  17:31:14,879 - #51 int
INFO  17:31:14,879 - #51 z
INFO  17:31:14,880 - #39 ;
INFO  17:31:14,880 - #47 {
INFO  17:31:14,880 - #51 z
INFO  17:31:14,881 - #36 =
INFO  17:31:14,881 - #51 cinilac
INFO  17:31:14,881 - #39 ;
INFO  17:31:14,881 - #14 return
INFO  17:31:14,881 - #51 z
INFO  17:31:14,881 - #25 *
INFO  17:31:14,881 - #43 (
INFO  17:31:14,884 - #51 r
INFO  17:31:14,884 - #26 /
INFO  17:31:14,884 - #51 delilac
INFO  17:31:14,885 - #44 )
INFO  17:31:14,885 - #39 ;
INFO  17:31:14,885 - #48 }
INFO  17:31:14,885 - #15 void
INFO  17:31:14,885 - #51 ispisi
INFO  17:31:14,885 - #43 (
INFO  17:31:14,885 - #44 )
INFO  17:31:14,885 - #47 {
INFO  17:31:14,885 - #19 super
INFO  17:31:14,885 - #43 (
INFO  17:31:14,885 - #44 )
INFO  17:31:14,885 - #39 ;
INFO  17:31:14,885 - #12 print
INFO  17:31:14,885 - #43 (
INFO  17:31:14,885 - #51 r
INFO  17:31:14,886 - #44 )
INFO  17:31:14,886 - #39 ;
INFO  17:31:14,886 - #12 print
INFO  17:31:14,886 - #43 (
INFO  17:31:14,886 - #51 eol
INFO  17:31:14,886 - #44 )
INFO  17:31:14,886 - #39 ;
INFO  17:31:14,886 - #48 }
INFO  17:31:14,886 - #48 }
INFO  17:31:14,886 - #48 }
INFO  17:31:14,886 - #4 class
INFO  17:31:14,886 - #51 Kvadar
INFO  17:31:14,886 - #16 extends
INFO  17:31:14,886 - #51 Predmet
INFO  17:31:14,886 - #47 {
INFO  17:31:14,886 - #51 int
INFO  17:31:14,886 - #51 a
INFO  17:31:14,886 - #51 b
INFO  17:31:14,886 - #51 c
INFO  17:31:14,886 - #39 ;
INFO  17:31:14,886 - #47 {
INFO  17:31:14,887 - #51 Kvadar
INFO  17:31:14,887 - #43 (
INFO  17:31:14,887 - #44 )
INFO  17:31:14,887 - #47 {
INFO  17:31:14,887 - #19 super
INFO  17:31:14,887 - #43 (
INFO  17:31:14,887 - #44 )
INFO  17:31:14,887 - #39 ;
INFO  17:31:14,887 - #51 vrsta
INFO  17:31:14,887 - #36 =
INFO  17:31:14,887 - #49 k
INFO  17:31:14,887 - #39 ;
INFO  17:31:14,887 - #48 }
INFO  17:31:14,887 - #15 void
INFO  17:31:14,887 - #51 postaviStranice
INFO  17:31:14,887 - #43 (
INFO  17:31:14,887 - #51 int
INFO  17:31:14,887 - #51 a
INFO  17:31:14,887 - #41 ,
INFO  17:31:14,887 - #51 int
INFO  17:31:14,888 - #51 b
INFO  17:31:14,890 - #41 ,
INFO  17:31:14,891 - #51 int
INFO  17:31:14,891 - #51 c
INFO  17:31:14,891 - #44 )
INFO  17:31:14,891 - #47 {
INFO  17:31:14,891 - #18 this
INFO  17:31:14,891 - #42 .
INFO  17:31:14,891 - #51 a
INFO  17:31:14,891 - #36 =
INFO  17:31:14,891 - #51 a
INFO  17:31:14,891 - #39 ;
INFO  17:31:14,891 - #18 this
INFO  17:31:14,891 - #42 .
INFO  17:31:14,891 - #51 b
INFO  17:31:14,891 - #36 =
INFO  17:31:14,891 - #51 b
INFO  17:31:14,891 - #39 ;
INFO  17:31:14,891 - #18 this
INFO  17:31:14,891 - #42 .
INFO  17:31:14,891 - #51 c
INFO  17:31:14,891 - #36 =
INFO  17:31:14,891 - #51 c
INFO  17:31:14,891 - #39 ;
INFO  17:31:14,891 - #48 }
INFO  17:31:14,892 - #51 int
INFO  17:31:14,892 - #51 zapremina
INFO  17:31:14,892 - #43 (
INFO  17:31:14,892 - #44 )
INFO  17:31:14,892 - #51 int
INFO  17:31:14,892 - #51 z
INFO  17:31:14,892 - #39 ;
INFO  17:31:14,892 - #47 {
INFO  17:31:14,892 - #51 z
INFO  17:31:14,892 - #36 =
INFO  17:31:14,892 - #51 a
INFO  17:31:14,892 - #25 *
INFO  17:31:14,892 - #51 b
INFO  17:31:14,892 - #25 *
INFO  17:31:14,892 - #51 c
INFO  17:31:14,892 - #39 ;
INFO  17:31:14,892 - #14 return
INFO  17:31:14,892 - #51 z
INFO  17:31:14,892 - #39 ;
INFO  17:31:14,892 - #48 }
INFO  17:31:14,892 - #15 void
INFO  17:31:14,892 - #51 ispisi
INFO  17:31:14,892 - #43 (
INFO  17:31:14,892 - #44 )
INFO  17:31:14,892 - #47 {
INFO  17:31:14,892 - #19 super
INFO  17:31:14,892 - #43 (
INFO  17:31:14,892 - #44 )
INFO  17:31:14,892 - #39 ;
INFO  17:31:14,892 - #12 print
INFO  17:31:14,892 - #43 (
INFO  17:31:14,892 - #51 a
INFO  17:31:14,892 - #44 )
INFO  17:31:14,893 - #39 ;
INFO  17:31:14,893 - #12 print
INFO  17:31:14,893 - #43 (
INFO  17:31:14,893 - #51 b
INFO  17:31:14,893 - #44 )
INFO  17:31:14,893 - #39 ;
INFO  17:31:14,893 - #12 print
INFO  17:31:14,893 - #43 (
INFO  17:31:14,893 - #51 c
INFO  17:31:14,893 - #44 )
INFO  17:31:14,893 - #39 ;
INFO  17:31:14,893 - #12 print
INFO  17:31:14,893 - #43 (
INFO  17:31:14,893 - #51 eol
INFO  17:31:14,893 - #44 )
INFO  17:31:14,893 - #39 ;
INFO  17:31:14,894 - #48 }
INFO  17:31:14,894 - #48 }
INFO  17:31:14,894 - #48 }
INFO  17:31:14,894 - #51 int
INFO  17:31:14,894 - #51 zapreminaK
INFO  17:31:14,894 - #51 zapreminaS
INFO  17:31:14,894 - #39 ;
INFO  17:31:14,894 - #51 int
INFO  17:31:14,894 - #39 ;
INFO  17:31:14,894 - #47 {
INFO  17:31:14,894 - #15 void
INFO  17:31:14,894 - #51 ispis
INFO  17:31:14,895 - #43 (
INFO  17:31:14,895 - #51 Predmet
INFO  17:31:14,895 - #51 p
INFO  17:31:14,895 - #51 p
INFO  17:31:14,895 - #44 )
INFO  17:31:14,895 - #47 {
INFO  17:31:14,895 - #51 p
INFO  17:31:14,895 - #42 .
INFO  17:31:14,896 - #51 ispisi
INFO  17:31:14,896 - #43 (
INFO  17:31:14,896 - #44 )
INFO  17:31:14,896 - #39 ;
INFO  17:31:14,896 - #12 print
INFO  17:31:14,896 - #43 (
INFO  17:31:14,896 - #51 eol
INFO  17:31:14,896 - #44 )
INFO  17:31:14,896 - #39 ;
INFO  17:31:14,896 - #12 print
INFO  17:31:14,896 - #43 (
INFO  17:31:14,896 - #51 p
INFO  17:31:14,896 - #42 .
INFO  17:31:14,896 - #51 dohvTezinu
INFO  17:31:14,896 - #43 (
INFO  17:31:14,896 - #44 )
INFO  17:31:14,896 - #44 )
INFO  17:31:14,896 - #39 ;
INFO  17:31:14,897 - #48 }
INFO  17:31:14,897 - #15 void
INFO  17:31:14,897 - #51 main
INFO  17:31:14,897 - #43 (
INFO  17:31:14,897 - #44 )
INFO  17:31:14,897 - #51 Predmet
INFO  17:31:14,897 - #51 predmeti
INFO  17:31:14,897 - #45 [
INFO  17:31:14,897 - #46 ]
INFO  17:31:14,897 - #39 ;
INFO  17:31:14,897 - #51 int
INFO  17:31:14,897 - #51 i
INFO  17:31:14,897 - #39 ;
INFO  17:31:14,897 - #51 Sfera
INFO  17:31:14,897 - #51 s1
INFO  17:31:14,897 - #41 ,
INFO  17:31:14,897 - #51 s2
INFO  17:31:14,897 - #41 ,
INFO  17:31:14,897 - #51 s3
INFO  17:31:14,897 - #39 ;
INFO  17:31:14,897 - #51 Kvadar
INFO  17:31:14,897 - #51 k1
INFO  17:31:14,897 - #41 ,
INFO  17:31:14,897 - #51 k2
INFO  17:31:14,897 - #41 ,
INFO  17:31:14,897 - #51 k3
INFO  17:31:14,897 - #39 ;
INFO  17:31:14,898 - #51 int
INFO  17:31:14,898 - #51 t
INFO  17:31:14,898 - #39 ;
INFO  17:31:14,898 - #47 {
INFO  17:31:14,898 - #51 predmeti
INFO  17:31:14,898 - #36 =
INFO  17:31:14,898 - #11 new
INFO  17:31:14,898 - #51 Predmet
INFO  17:31:14,898 - #45 [
INFO  17:31:14,898 - #50 6
INFO  17:31:14,898 - #46 ]
INFO  17:31:14,898 - #39 ;
INFO  17:31:14,898 - #51 s1
INFO  17:31:14,898 - #36 =
INFO  17:31:14,898 - #11 new
INFO  17:31:14,898 - #51 Sfera
INFO  17:31:14,898 - #39 ;
INFO  17:31:14,898 - #51 s2
INFO  17:31:14,898 - #36 =
INFO  17:31:14,898 - #11 new
INFO  17:31:14,898 - #51 Sfera
INFO  17:31:14,898 - #39 ;
INFO  17:31:14,898 - #51 s3
INFO  17:31:14,898 - #36 =
INFO  17:31:14,898 - #11 new
INFO  17:31:14,898 - #51 Sfera
INFO  17:31:14,898 - #39 ;
INFO  17:31:14,898 - #51 k1
INFO  17:31:14,898 - #36 =
INFO  17:31:14,899 - #15 void
INFO  17:31:14,899 - #39 ;
INFO  17:31:14,899 - #51 k2
INFO  17:31:14,899 - #36 =
INFO  17:31:14,899 - #11 new
INFO  17:31:14,899 - #51 Kvadar
INFO  17:31:14,899 - #39 ;
INFO  17:31:14,899 - #51 k3
INFO  17:31:14,899 - #36 =
INFO  17:31:14,899 - #11 new
INFO  17:31:14,899 - #51 Kvadar
INFO  17:31:14,899 - #39 ;
INFO  17:31:14,900 - #51 s1
INFO  17:31:14,900 - #42 .
INFO  17:31:14,900 - #51 postaviPoluprecnik
INFO  17:31:14,900 - #43 (
INFO  17:31:14,900 - #50 1
INFO  17:31:14,900 - #44 )
INFO  17:31:14,900 - #39 ;
INFO  17:31:14,900 - #51 s2
INFO  17:31:14,900 - #42 .
INFO  17:31:14,900 - #51 postaviPoluprecnik
INFO  17:31:14,900 - #43 (
INFO  17:31:14,900 - #50 2
INFO  17:31:14,900 - #44 )
INFO  17:31:14,900 - #39 ;
INFO  17:31:14,900 - #51 s3
INFO  17:31:14,900 - #42 .
INFO  17:31:14,900 - #51 postaviPoluprecnik
INFO  17:31:14,900 - #43 (
INFO  17:31:14,900 - #50 3
INFO  17:31:14,901 - #44 )
INFO  17:31:14,901 - #39 ;
INFO  17:31:14,901 - #51 k1
INFO  17:31:14,901 - #42 .
INFO  17:31:14,901 - #51 postaviStranice
INFO  17:31:14,901 - #43 (
INFO  17:31:14,901 - #50 1
INFO  17:31:14,901 - #41 ,
INFO  17:31:14,901 - #50 2
INFO  17:31:14,901 - #41 ,
INFO  17:31:14,901 - #50 3
INFO  17:31:14,901 - #44 )
INFO  17:31:14,901 - #39 ;
INFO  17:31:14,901 - #51 k2
INFO  17:31:14,901 - #42 .
INFO  17:31:14,901 - #51 postaviStranice
INFO  17:31:14,901 - #43 (
INFO  17:31:14,901 - #50 2
INFO  17:31:14,901 - #41 ,
INFO  17:31:14,901 - #50 3
INFO  17:31:14,901 - #41 ,
INFO  17:31:14,901 - #50 4
INFO  17:31:14,902 - #44 )
INFO  17:31:14,902 - #39 ;
INFO  17:31:14,902 - #51 k3
INFO  17:31:14,902 - #42 .
INFO  17:31:14,902 - #51 postaviStranice
INFO  17:31:14,902 - #43 (
INFO  17:31:14,902 - #50 3
INFO  17:31:14,902 - #41 ,
INFO  17:31:14,902 - #50 4
INFO  17:31:14,902 - #41 ,
INFO  17:31:14,902 - #50 5
INFO  17:31:14,902 - #44 )
INFO  17:31:14,902 - #39 ;
INFO  17:31:14,902 - #51 predmeti
INFO  17:31:14,902 - #45 [
INFO  17:31:14,902 - #50 0
INFO  17:31:14,902 - #46 ]
INFO  17:31:14,902 - #36 =
INFO  17:31:14,902 - #51 s1
INFO  17:31:14,903 - #39 ;
INFO  17:31:14,903 - #51 predmeti
INFO  17:31:14,903 - #45 [
INFO  17:31:14,903 - #50 2
INFO  17:31:14,903 - #46 ]
INFO  17:31:14,903 - #36 =
INFO  17:31:14,903 - #51 s2
INFO  17:31:14,903 - #39 ;
INFO  17:31:14,903 - #51 predmeti
INFO  17:31:14,903 - #45 [
INFO  17:31:14,903 - #50 4
INFO  17:31:14,903 - #46 ]
INFO  17:31:14,903 - #36 =
INFO  17:31:14,903 - #51 s3
INFO  17:31:14,903 - #39 ;
INFO  17:31:14,903 - #51 predmeti
INFO  17:31:14,903 - #45 [
INFO  17:31:14,903 - #50 1
INFO  17:31:14,903 - #46 ]
INFO  17:31:14,903 - #36 =
INFO  17:31:14,903 - #51 k1
INFO  17:31:14,903 - #39 ;
INFO  17:31:14,904 - #51 predmeti
INFO  17:31:14,904 - #45 [
INFO  17:31:14,904 - #50 3
INFO  17:31:14,904 - #46 ]
INFO  17:31:14,904 - #36 =
INFO  17:31:14,904 - #51 k2
INFO  17:31:14,904 - #39 ;
INFO  17:31:14,904 - #51 predmeti
INFO  17:31:14,904 - #45 [
INFO  17:31:14,904 - #50 5
INFO  17:31:14,904 - #46 ]
INFO  17:31:14,904 - #36 =
INFO  17:31:14,904 - #51 k3
INFO  17:31:14,904 - #39 ;
INFO  17:31:14,904 - #13 read
INFO  17:31:14,904 - #43 (
INFO  17:31:14,904 - #51 t
INFO  17:31:14,904 - #44 )
INFO  17:31:14,904 - #39 ;
INFO  17:31:14,904 - #51 i
INFO  17:31:14,904 - #36 =
INFO  17:31:14,904 - #50 0
INFO  17:31:14,905 - #39 ;
INFO  17:31:14,905 - #9 do
INFO  17:31:14,905 - #47 {
INFO  17:31:14,905 - #51 predmeti
INFO  17:31:14,905 - #45 [
INFO  17:31:14,905 - #51 i
INFO  17:31:14,905 - #46 ]
INFO  17:31:14,905 - #42 .
INFO  17:31:14,905 - #51 postaviTezinu
INFO  17:31:14,905 - #43 (
INFO  17:31:14,905 - #51 t
INFO  17:31:14,906 - #44 )
INFO  17:31:14,906 - #39 ;
INFO  17:31:14,906 - #8 if
INFO  17:31:14,906 - #43 (
INFO  17:31:14,906 - #45 [
INFO  17:31:14,907 - #51 i
INFO  17:31:14,907 - #46 ]
INFO  17:31:14,907 - #22 instanceof
INFO  17:31:14,907 - #51 Sfera
INFO  17:31:14,907 - #44 )
INFO  17:31:14,907 - #47 {
INFO  17:31:14,907 - #12 print
INFO  17:31:14,907 - #43 (
INFO  17:31:14,908 - #49 s
INFO  17:31:14,908 - #44 )
INFO  17:31:14,908 - #39 ;
INFO  17:31:14,908 - #12 print
INFO  17:31:14,908 - #43 (
INFO  17:31:14,908 - #49 f
INFO  17:31:14,908 - #44 )
INFO  17:31:14,908 - #39 ;
INFO  17:31:14,908 - #12 print
INFO  17:31:14,908 - #43 (
INFO  17:31:14,908 - #49 e
INFO  17:31:14,908 - #44 )
INFO  17:31:14,908 - #39 ;
INFO  17:31:14,908 - #12 print
INFO  17:31:14,908 - #43 (
INFO  17:31:14,908 - #49 r
INFO  17:31:14,908 - #44 )
INFO  17:31:14,908 - #39 ;
INFO  17:31:14,908 - #12 print
INFO  17:31:14,908 - #43 (
INFO  17:31:14,908 - #49 a
INFO  17:31:14,908 - #44 )
INFO  17:31:14,908 - #39 ;
INFO  17:31:14,908 - #12 print
INFO  17:31:14,908 - #43 (
INFO  17:31:14,908 - #51 eol
INFO  17:31:14,908 - #44 )
INFO  17:31:14,909 - #39 ;
INFO  17:31:14,909 - #48 }
INFO  17:31:14,909 - #6 else
INFO  17:31:14,910 - #8 if
INFO  17:31:14,910 - #43 (
INFO  17:31:14,911 - #51 predmeti
INFO  17:31:14,911 - #45 [
INFO  17:31:14,911 - #51 i
INFO  17:31:14,911 - #46 ]
INFO  17:31:14,911 - #22 instanceof
INFO  17:31:14,911 - #51 Kvadar
INFO  17:31:14,911 - #44 )
INFO  17:31:14,911 - #47 {
INFO  17:31:14,911 - #12 print
INFO  17:31:14,911 - #43 (
INFO  17:31:14,911 - #49 k
INFO  17:31:14,911 - #44 )
INFO  17:31:14,911 - #39 ;
INFO  17:31:14,911 - #12 print
INFO  17:31:14,911 - #43 (
INFO  17:31:14,911 - #49 v
INFO  17:31:14,911 - #44 )
INFO  17:31:14,911 - #39 ;
INFO  17:31:14,911 - #12 print
INFO  17:31:14,912 - #43 (
INFO  17:31:14,912 - #49 a
INFO  17:31:14,912 - #44 )
INFO  17:31:14,912 - #39 ;
INFO  17:31:14,912 - #12 print
INFO  17:31:14,912 - #43 (
INFO  17:31:14,912 - #49 d
INFO  17:31:14,912 - #44 )
INFO  17:31:14,912 - #39 ;
INFO  17:31:14,912 - #12 print
INFO  17:31:14,912 - #43 (
INFO  17:31:14,912 - #49 a
INFO  17:31:14,912 - #44 )
INFO  17:31:14,912 - #39 ;
INFO  17:31:14,912 - #12 print
INFO  17:31:14,912 - #43 (
INFO  17:31:14,912 - #49 r
INFO  17:31:14,912 - #44 )
INFO  17:31:14,912 - #39 ;
INFO  17:31:14,912 - #12 print
INFO  17:31:14,912 - #43 (
INFO  17:31:14,912 - #51 eol
INFO  17:31:14,912 - #44 )
INFO  17:31:14,912 - #39 ;
INFO  17:31:14,912 - #48 }
INFO  17:31:14,912 - #51 i
INFO  17:31:14,913 - #37 ++
INFO  17:31:14,913 - #39 ;
INFO  17:31:14,913 - #48 }
INFO  17:31:14,913 - #10 while
INFO  17:31:14,913 - #43 (
INFO  17:31:14,913 - #51 i
INFO  17:31:14,913 - #32 <
INFO  17:31:14,914 - #50 6
INFO  17:31:14,914 - #44 )
INFO  17:31:14,914 - #39 ;
INFO  17:31:14,914 - #51 zapreminaS
INFO  17:31:14,915 - #36 =
INFO  17:31:14,915 - #50 0
INFO  17:31:14,915 - #39 ;
INFO  17:31:14,915 - #51 tezinaS
INFO  17:31:14,915 - #36 =
INFO  17:31:14,915 - #50 0
INFO  17:31:14,915 - #39 ;
INFO  17:31:14,915 - #51 i
INFO  17:31:14,915 - #36 =
INFO  17:31:14,915 - #50 1
INFO  17:31:14,915 - #39 ;
INFO  17:31:14,915 - #9 do
INFO  17:31:14,915 - #47 {
INFO  17:31:14,915 - #8 if
INFO  17:31:14,915 - #43 (
INFO  17:31:14,915 - #51 i
INFO  17:31:14,915 - #27 %
INFO  17:31:14,915 - #50 2
INFO  17:31:14,915 - #28 ==
INFO  17:31:14,915 - #50 0
INFO  17:31:14,916 - #44 )
INFO  17:31:14,916 - #47 {
INFO  17:31:14,916 - #51 i
INFO  17:31:14,916 - #37 ++
INFO  17:31:14,916 - #39 ;
INFO  17:31:14,916 - #17 continue
INFO  17:31:14,916 - #39 ;
INFO  17:31:14,916 - #48 }
INFO  17:31:14,916 - #51 zapreminaS
INFO  17:31:14,916 - #36 =
INFO  17:31:14,916 - #51 zapreminaS
INFO  17:31:14,916 - #23 +
INFO  17:31:14,916 - #51 predmeti
INFO  17:31:14,917 - #45 [
INFO  17:31:14,917 - #51 i
INFO  17:31:14,917 - #24 -
INFO  17:31:14,917 - #50 1
INFO  17:31:14,918 - #46 ]
INFO  17:31:14,918 - #42 .
INFO  17:31:14,918 - #51 zapremina
INFO  17:31:14,918 - #43 (
INFO  17:31:14,918 - #44 )
INFO  17:31:14,918 - #39 ;
INFO  17:31:14,918 - #51 tezinaS
INFO  17:31:14,918 - #36 =
INFO  17:31:14,918 - #51 tezinaS
INFO  17:31:14,918 - #23 +
INFO  17:31:14,918 - #51 predmeti
INFO  17:31:14,918 - #45 [
INFO  17:31:14,918 - #51 i
INFO  17:31:14,918 - #24 -
INFO  17:31:14,918 - #50 1
INFO  17:31:14,918 - #46 ]
INFO  17:31:14,918 - #42 .
INFO  17:31:14,918 - #51 Q
INFO  17:31:14,918 - #43 (
INFO  17:31:14,918 - #44 )
INFO  17:31:14,918 - #39 ;
INFO  17:31:14,918 - #51 ispis
INFO  17:31:14,918 - #43 (
INFO  17:31:14,918 - #51 predmeti
INFO  17:31:14,918 - #45 [
INFO  17:31:14,918 - #51 i
INFO  17:31:14,918 - #24 -
INFO  17:31:14,918 - #50 1
INFO  17:31:14,918 - #46 ]
INFO  17:31:14,918 - #44 )
INFO  17:31:14,918 - #39 ;
INFO  17:31:14,918 - #51 i
INFO  17:31:14,918 - #37 ++
INFO  17:31:14,918 - #39 ;
INFO  17:31:14,918 - #48 }
INFO  17:31:14,918 - #10 while
INFO  17:31:14,919 - #43 (
INFO  17:31:14,919 - #51 i
INFO  17:31:14,919 - #33 <=
INFO  17:31:14,919 - #50 6
INFO  17:31:14,919 - #44 )
INFO  17:31:14,919 - #39 ;
INFO  17:31:14,919 - #51 zapreminaK
INFO  17:31:14,919 - #36 =
INFO  17:31:14,919 - #50 0
INFO  17:31:14,919 - #39 ;
INFO  17:31:14,919 - #51 tezinaK
INFO  17:31:14,919 - #36 =
INFO  17:31:14,919 - #50 0
INFO  17:31:14,919 - #39 ;
INFO  17:31:14,919 - #51 i
INFO  17:31:14,919 - #36 =
INFO  17:31:14,919 - #50 1
INFO  17:31:14,919 - #39 ;
INFO  17:31:14,919 - #9 do
INFO  17:31:14,919 - #47 {
INFO  17:31:14,919 - #8 if
INFO  17:31:14,919 - #43 (
INFO  17:31:14,919 - #51 i
INFO  17:31:14,919 - #27 %
INFO  17:31:14,919 - #50 2
INFO  17:31:14,919 - #28 ==
INFO  17:31:14,919 - #50 1
INFO  17:31:14,919 - #44 )
INFO  17:31:14,919 - #47 {
INFO  17:31:14,919 - #51 i
INFO  17:31:14,920 - #37 ++
INFO  17:31:14,920 - #39 ;
INFO  17:31:14,920 - #17 continue
INFO  17:31:14,920 - #39 ;
INFO  17:31:14,920 - #48 }
INFO  17:31:14,920 - #51 zapreminaS
INFO  17:31:14,920 - #36 =
INFO  17:31:14,920 - #51 zapreminaS
INFO  17:31:14,920 - #23 +
INFO  17:31:14,920 - #51 predmeti
INFO  17:31:14,920 - #45 [
INFO  17:31:14,920 - #51 i
INFO  17:31:14,920 - #24 -
INFO  17:31:14,920 - #50 1
INFO  17:31:14,920 - #46 ]
INFO  17:31:14,920 - #42 .
INFO  17:31:14,920 - #51 zapremina
INFO  17:31:14,920 - #43 (
INFO  17:31:14,920 - #44 )
INFO  17:31:14,920 - #39 ;
INFO  17:31:14,920 - #51 tezinaS
INFO  17:31:14,920 - #36 =
INFO  17:31:14,920 - #51 tezinaS
INFO  17:31:14,920 - #23 +
INFO  17:31:14,920 - #51 predmeti
INFO  17:31:14,920 - #45 [
INFO  17:31:14,920 - #51 i
INFO  17:31:14,920 - #24 -
INFO  17:31:14,920 - #50 1
INFO  17:31:14,920 - #46 ]
INFO  17:31:14,920 - #42 .
INFO  17:31:14,920 - #51 Q
INFO  17:31:14,920 - #43 (
INFO  17:31:14,920 - #44 )
INFO  17:31:14,920 - #39 ;
INFO  17:31:14,920 - #51 ispis
INFO  17:31:14,920 - #43 (
INFO  17:31:14,920 - #51 predmeti
INFO  17:31:14,920 - #45 [
INFO  17:31:14,920 - #51 i
INFO  17:31:14,920 - #24 -
INFO  17:31:14,920 - #50 1
INFO  17:31:14,920 - #46 ]
INFO  17:31:14,920 - #44 )
INFO  17:31:14,920 - #39 ;
INFO  17:31:14,920 - #51 i
INFO  17:31:14,920 - #37 ++
INFO  17:31:14,920 - #39 ;
INFO  17:31:14,920 - #48 }
INFO  17:31:14,920 - #10 while
INFO  17:31:14,920 - #43 (
INFO  17:31:14,920 - #51 i
INFO  17:31:14,920 - #33 <=
INFO  17:31:14,920 - #50 6
INFO  17:31:14,920 - #44 )
INFO  17:31:14,921 - #39 ;
INFO  17:31:14,921 - #12 print
INFO  17:31:14,921 - #43 (
INFO  17:31:14,921 - #51 zapreminaS
INFO  17:31:14,921 - #44 )
INFO  17:31:14,921 - #39 ;
INFO  17:31:14,921 - #12 print
INFO  17:31:14,921 - #43 (
INFO  17:31:14,921 - #51 eol
INFO  17:31:14,921 - #44 )
INFO  17:31:14,921 - #39 ;
INFO  17:31:14,921 - #12 print
INFO  17:31:14,921 - #43 (
INFO  17:31:14,921 - #51 zapreminaK
INFO  17:31:14,921 - #44 )
INFO  17:31:14,921 - #39 ;
INFO  17:31:14,921 - #12 print
INFO  17:31:14,921 - #43 (
INFO  17:31:14,921 - #51 eol
INFO  17:31:14,921 - #44 )
INFO  17:31:14,921 - #39 ;
INFO  17:31:14,921 - #12 print
INFO  17:31:14,921 - #43 (
INFO  17:31:14,921 - #51 tezinaS
INFO  17:31:14,921 - #44 )
INFO  17:31:14,921 - #39 ;
INFO  17:31:14,921 - #12 print
INFO  17:31:14,921 - #43 (
INFO  17:31:14,921 - #51 eol
INFO  17:31:14,921 - #44 )
INFO  17:31:14,921 - #39 ;
INFO  17:31:14,921 - #12 print
INFO  17:31:14,921 - #43 (
INFO  17:31:14,921 - #51 tezinaK
INFO  17:31:14,921 - #44 )
INFO  17:31:14,921 - #39 ;
INFO  17:31:14,921 - #12 print
INFO  17:31:14,921 - #43 (
INFO  17:31:14,921 - #51 eol
INFO  17:31:14,921 - #44 )
INFO  17:31:14,921 - #39 ;
INFO  17:31:14,921 - #48 }
INFO  17:31:14,921 - #48 }
