INFO  18:11:23,975 - Kompajliranje fajla: D:\Faks\PP1\workspace\MJCompiler\test\syn_errors.mj
INFO  18:11:23,976 - ===================================
INFO  18:11:23,976 - Leksicka analiza
INFO  18:11:23,978 - ===================================
INFO  18:11:23,979 - Sintaksna analiza
INFO  18:11:24,022 - #2 program
INFO  18:11:24,022 - #51 test_303
INFO  18:11:24,022 - #7 const
INFO  18:11:24,023 - #51 int
INFO  18:11:24,023 - #51 cinilac
INFO  18:11:24,024 - #36 =
INFO  18:11:24,024 - #50 4
INFO  18:11:24,024 - #41 ,
INFO  18:11:24,024 - #51 delilac
INFO  18:11:24,024 - #36 =
INFO  18:11:24,024 - #50 3
INFO  18:11:24,025 - #39 ;
INFO  18:11:24,025 - #4 class
INFO  18:11:24,026 - #51 Predmet
INFO  18:11:24,026 - #47 {
INFO  18:11:24,028 - #51 int
INFO  18:11:24,029 - #51 tezina
INFO  18:11:24,029 - #39 ;
INFO  18:11:24,029 - #51 int
INFO  18:11:24,030 - #51 koefTezine
INFO  18:11:24,030 - #39 ;
INFO  18:11:24,030 - #51 char
INFO  18:11:24,030 - #51 vrsta
INFO  18:11:24,030 - #39 ;
INFO  18:11:24,030 - #47 {
INFO  18:11:24,030 - #51 Predmet
INFO  18:11:24,031 - #43 (
INFO  18:11:24,031 - #44 )
INFO  18:11:24,031 - #47 {
INFO  18:11:24,032 - #51 koefTezine
INFO  18:11:24,032 - #36 =
INFO  18:11:24,033 - #50 1
INFO  18:11:24,033 - #39 ;
INFO  18:11:24,034 - #48 }
INFO  18:11:24,034 - #15 void
INFO  18:11:24,035 - #51 postaviTezinu
INFO  18:11:24,035 - #43 (
INFO  18:11:24,035 - #51 int
INFO  18:11:24,035 - #51 tezina
INFO  18:11:24,035 - #44 )
INFO  18:11:24,036 - #47 {
INFO  18:11:24,036 - #18 this
INFO  18:11:24,036 - #42 .
INFO  18:11:24,037 - #51 tezina
INFO  18:11:24,037 - #36 =
INFO  18:11:24,037 - #51 tezina
INFO  18:11:24,037 - #25 *
INFO  18:11:24,037 - #51 koefTezine
INFO  18:11:24,038 - #39 ;
INFO  18:11:24,038 - #48 }
INFO  18:11:24,038 - #15 void
INFO  18:11:24,039 - #51 ucitajTezinu
INFO  18:11:24,039 - #43 (
INFO  18:11:24,039 - #44 )
INFO  18:11:24,039 - #47 {
INFO  18:11:24,039 - #13 read
INFO  18:11:24,039 - #43 (
INFO  18:11:24,040 - #51 tezina
INFO  18:11:24,040 - #44 )
INFO  18:11:24,040 - #39 ;
INFO  18:11:24,040 - #48 }
INFO  18:11:24,040 - #51 int
INFO  18:11:24,040 - #51 zapremina
INFO  18:11:24,040 - #43 (
INFO  18:11:24,040 - #44 )
INFO  18:11:24,040 - #47 {
INFO  18:11:24,040 - #14 return
INFO  18:11:24,041 - #50 0
INFO  18:11:24,041 - #39 ;
INFO  18:11:24,041 - #48 }
INFO  18:11:24,041 - #51 int
INFO  18:11:24,041 - #51 Q
INFO  18:11:24,041 - #43 (
INFO  18:11:24,041 - #44 )
INFO  18:11:24,041 - #47 {
INFO  18:11:24,041 - #14 return
INFO  18:11:24,041 - #51 zapremina
INFO  18:11:24,041 - #43 (
INFO  18:11:24,041 - #44 )
INFO  18:11:24,042 - #25 *
INFO  18:11:24,042 - #51 tezina
INFO  18:11:24,042 - #39 ;
INFO  18:11:24,043 - #48 }
INFO  18:11:24,043 - #15 void
INFO  18:11:24,043 - #51 postaviVrstu
INFO  18:11:24,043 - #43 (
INFO  18:11:24,043 - #51 char
INFO  18:11:24,043 - #51 vrsta
INFO  18:11:24,043 - #44 )
INFO  18:11:24,043 - #47 {
INFO  18:11:24,043 - #18 this
INFO  18:11:24,043 - #42 .
INFO  18:11:24,043 - #51 vrsta
INFO  18:11:24,044 - #36 =
INFO  18:11:24,044 - #51 vrsta
INFO  18:11:24,044 - #39 ;
INFO  18:11:24,044 - #48 }
INFO  18:11:24,044 - #51 char
INFO  18:11:24,044 - #51 dohvVrstu
INFO  18:11:24,044 - #43 (
INFO  18:11:24,044 - #44 )
INFO  18:11:24,044 - #47 {
INFO  18:11:24,044 - #14 return
INFO  18:11:24,044 - #51 vrsta
INFO  18:11:24,044 - #39 ;
INFO  18:11:24,044 - #48 }
INFO  18:11:24,044 - #51 int
INFO  18:11:24,045 - #51 dohvTezinu
INFO  18:11:24,045 - #43 (
INFO  18:11:24,045 - #44 )
INFO  18:11:24,045 - #47 {
INFO  18:11:24,045 - #14 return
INFO  18:11:24,045 - #51 tezina
INFO  18:11:24,045 - #39 ;
INFO  18:11:24,045 - #48 }
INFO  18:11:24,045 - #15 void
INFO  18:11:24,045 - #51 ispisi
INFO  18:11:24,045 - #43 (
INFO  18:11:24,045 - #44 )
INFO  18:11:24,045 - #47 {
INFO  18:11:24,045 - #12 print
INFO  18:11:24,045 - #43 (
INFO  18:11:24,046 - #51 vrsta
INFO  18:11:24,046 - #44 )
INFO  18:11:24,046 - #39 ;
INFO  18:11:24,046 - #12 print
INFO  18:11:24,046 - #43 (
INFO  18:11:24,050 - #51 Q
INFO  18:11:24,050 - #43 (
INFO  18:11:24,050 - #44 )
INFO  18:11:24,050 - #44 )
INFO  18:11:24,050 - #39 ;
INFO  18:11:24,050 - #48 }
INFO  18:11:24,050 - #48 }
INFO  18:11:24,050 - #48 }
INFO  18:11:24,050 - #4 class
INFO  18:11:24,052 - #51 Sfera
INFO  18:11:24,052 - #16 extends
INFO  18:11:24,052 - #50 123
ERROR 18:11:24,052 - Sintaksna greska na liniji 31
INFO  18:11:24,052 - #47 {
INFO  18:11:24,052 - #51 int
INFO  18:11:24,052 - #51 r
INFO  18:11:24,052 - #39 ;
ERROR 18:11:24,052 - Sintaksna greska pri definisanju prosirenja klase na liniji 31
INFO  18:11:24,053 - #47 {
INFO  18:11:24,053 - #51 Sfera
INFO  18:11:24,053 - #43 (
INFO  18:11:24,053 - #44 )
INFO  18:11:24,053 - #47 {
INFO  18:11:24,053 - #19 super
INFO  18:11:24,053 - #43 (
INFO  18:11:24,053 - #44 )
INFO  18:11:24,053 - #39 ;
INFO  18:11:24,053 - #51 vrsta
INFO  18:11:24,053 - #36 =
INFO  18:11:24,054 - #49 s
INFO  18:11:24,054 - #39 ;
INFO  18:11:24,054 - #48 }
INFO  18:11:24,054 - #15 void
INFO  18:11:24,054 - #51 postaviPoluprecnik
INFO  18:11:24,054 - #43 (
INFO  18:11:24,054 - #51 int
INFO  18:11:24,054 - #51 r
INFO  18:11:24,054 - #44 )
INFO  18:11:24,054 - #47 {
INFO  18:11:24,054 - #18 this
INFO  18:11:24,054 - #42 .
INFO  18:11:24,054 - #51 r
INFO  18:11:24,054 - #36 =
INFO  18:11:24,054 - #51 r
INFO  18:11:24,054 - #39 ;
INFO  18:11:24,054 - #48 }
INFO  18:11:24,054 - #51 int
INFO  18:11:24,054 - #51 zapremina
INFO  18:11:24,054 - #43 (
INFO  18:11:24,054 - #44 )
INFO  18:11:24,055 - #51 int
INFO  18:11:24,055 - #51 z
INFO  18:11:24,055 - #39 ;
INFO  18:11:24,055 - #47 {
INFO  18:11:24,056 - #51 z
INFO  18:11:24,056 - #36 =
INFO  18:11:24,056 - #51 cinilac
INFO  18:11:24,056 - #39 ;
INFO  18:11:24,056 - #14 return
INFO  18:11:24,056 - #51 z
INFO  18:11:24,056 - #25 *
INFO  18:11:24,056 - #43 (
INFO  18:11:24,056 - #51 r
INFO  18:11:24,057 - #26 /
INFO  18:11:24,057 - #51 delilac
INFO  18:11:24,057 - #44 )
INFO  18:11:24,057 - #39 ;
INFO  18:11:24,057 - #48 }
INFO  18:11:24,057 - #15 void
INFO  18:11:24,057 - #51 ispisi
INFO  18:11:24,057 - #43 (
INFO  18:11:24,057 - #44 )
INFO  18:11:24,057 - #47 {
INFO  18:11:24,057 - #19 super
INFO  18:11:24,058 - #43 (
INFO  18:11:24,058 - #44 )
INFO  18:11:24,058 - #39 ;
INFO  18:11:24,058 - #12 print
INFO  18:11:24,058 - #43 (
INFO  18:11:24,058 - #51 r
INFO  18:11:24,058 - #44 )
INFO  18:11:24,058 - #39 ;
INFO  18:11:24,058 - #12 print
INFO  18:11:24,058 - #43 (
INFO  18:11:24,058 - #51 eol
INFO  18:11:24,058 - #44 )
INFO  18:11:24,058 - #39 ;
INFO  18:11:24,058 - #48 }
INFO  18:11:24,058 - #48 }
INFO  18:11:24,058 - #48 }
INFO  18:11:24,058 - #4 class
INFO  18:11:24,058 - #51 Kvadar
INFO  18:11:24,058 - #16 extends
INFO  18:11:24,058 - #51 Predmet
INFO  18:11:24,058 - #47 {
INFO  18:11:24,058 - #51 int
INFO  18:11:24,058 - #51 a
INFO  18:11:24,058 - #51 b
ERROR 18:11:24,058 - Sintaksna greska na liniji 59
INFO  18:11:24,058 - #51 c
INFO  18:11:24,058 - #39 ;
INFO  18:11:24,059 - #47 {
ERROR 18:11:24,059 - Sintaksna greska pri definisanju polja klase na liniji 0
INFO  18:11:24,059 - #51 Kvadar
INFO  18:11:24,059 - #43 (
INFO  18:11:24,059 - #44 )
INFO  18:11:24,059 - #47 {
INFO  18:11:24,059 - #19 super
INFO  18:11:24,059 - #43 (
INFO  18:11:24,059 - #44 )
INFO  18:11:24,059 - #39 ;
INFO  18:11:24,059 - #51 vrsta
INFO  18:11:24,059 - #36 =
INFO  18:11:24,060 - #49 k
INFO  18:11:24,060 - #39 ;
INFO  18:11:24,060 - #48 }
INFO  18:11:24,060 - #15 void
INFO  18:11:24,060 - #51 postaviStranice
INFO  18:11:24,060 - #43 (
INFO  18:11:24,060 - #51 int
INFO  18:11:24,060 - #51 a
INFO  18:11:24,060 - #41 ,
INFO  18:11:24,060 - #51 int
INFO  18:11:24,060 - #51 b
INFO  18:11:24,063 - #41 ,
INFO  18:11:24,063 - #51 int
INFO  18:11:24,063 - #51 c
INFO  18:11:24,063 - #44 )
INFO  18:11:24,063 - #47 {
INFO  18:11:24,063 - #18 this
INFO  18:11:24,064 - #42 .
INFO  18:11:24,064 - #51 a
INFO  18:11:24,064 - #36 =
INFO  18:11:24,064 - #51 a
INFO  18:11:24,064 - #39 ;
INFO  18:11:24,064 - #18 this
INFO  18:11:24,064 - #42 .
INFO  18:11:24,064 - #51 b
INFO  18:11:24,064 - #36 =
INFO  18:11:24,064 - #51 b
INFO  18:11:24,064 - #39 ;
INFO  18:11:24,064 - #18 this
INFO  18:11:24,064 - #42 .
INFO  18:11:24,064 - #51 c
INFO  18:11:24,064 - #36 =
INFO  18:11:24,064 - #51 c
INFO  18:11:24,064 - #39 ;
INFO  18:11:24,064 - #48 }
INFO  18:11:24,064 - #51 int
INFO  18:11:24,064 - #51 zapremina
INFO  18:11:24,064 - #43 (
INFO  18:11:24,064 - #44 )
INFO  18:11:24,064 - #51 int
INFO  18:11:24,064 - #51 z
INFO  18:11:24,064 - #39 ;
INFO  18:11:24,064 - #47 {
INFO  18:11:24,064 - #51 z
INFO  18:11:24,064 - #36 =
INFO  18:11:24,064 - #51 a
INFO  18:11:24,065 - #25 *
INFO  18:11:24,065 - #51 b
INFO  18:11:24,065 - #25 *
INFO  18:11:24,065 - #51 c
INFO  18:11:24,065 - #39 ;
INFO  18:11:24,065 - #14 return
INFO  18:11:24,065 - #51 z
INFO  18:11:24,065 - #39 ;
INFO  18:11:24,065 - #48 }
INFO  18:11:24,065 - #15 void
INFO  18:11:24,065 - #51 ispisi
INFO  18:11:24,065 - #43 (
INFO  18:11:24,065 - #44 )
INFO  18:11:24,066 - #47 {
INFO  18:11:24,066 - #19 super
INFO  18:11:24,066 - #43 (
INFO  18:11:24,066 - #44 )
INFO  18:11:24,066 - #39 ;
INFO  18:11:24,066 - #12 print
INFO  18:11:24,066 - #43 (
INFO  18:11:24,066 - #51 a
INFO  18:11:24,066 - #44 )
INFO  18:11:24,066 - #39 ;
INFO  18:11:24,066 - #12 print
INFO  18:11:24,066 - #43 (
INFO  18:11:24,066 - #51 b
INFO  18:11:24,066 - #44 )
INFO  18:11:24,066 - #39 ;
INFO  18:11:24,066 - #12 print
INFO  18:11:24,066 - #43 (
INFO  18:11:24,066 - #51 c
INFO  18:11:24,066 - #44 )
INFO  18:11:24,067 - #39 ;
INFO  18:11:24,067 - #12 print
INFO  18:11:24,067 - #43 (
INFO  18:11:24,067 - #51 eol
INFO  18:11:24,067 - #44 )
INFO  18:11:24,067 - #39 ;
INFO  18:11:24,067 - #48 }
INFO  18:11:24,067 - #48 }
INFO  18:11:24,067 - #48 }
INFO  18:11:24,067 - #51 int
INFO  18:11:24,067 - #51 zapreminaK
INFO  18:11:24,067 - #51 zapreminaS
ERROR 18:11:24,067 - Sintaksna greska na liniji 83
INFO  18:11:24,067 - #39 ;
INFO  18:11:24,067 - #51 int
INFO  18:11:24,067 - #39 ;
INFO  18:11:24,067 - #47 {
INFO  18:11:24,067 - #15 void
INFO  18:11:24,067 - #51 ispis
ERROR 18:11:24,067 - Sintaksna greska pri definisanju globalne promenljive na liniji 83
INFO  18:11:24,068 - #43 (
INFO  18:11:24,068 - #51 Predmet
INFO  18:11:24,068 - #51 p
INFO  18:11:24,068 - #51 p
ERROR 18:11:24,069 - Sintaksna greska na liniji 87
INFO  18:11:24,069 - #44 )
INFO  18:11:24,069 - #47 {
INFO  18:11:24,069 - #51 p
INFO  18:11:24,069 - #42 .
ERROR 18:11:24,069 - Sintaksna greska pri definisanju formalnog parametra metode na liniji 87
INFO  18:11:24,069 - #51 ispisi
INFO  18:11:24,069 - #43 (
INFO  18:11:24,069 - #44 )
INFO  18:11:24,069 - #39 ;
INFO  18:11:24,070 - #12 print
INFO  18:11:24,070 - #43 (
INFO  18:11:24,070 - #51 eol
INFO  18:11:24,070 - #44 )
INFO  18:11:24,070 - #39 ;
INFO  18:11:24,070 - #12 print
INFO  18:11:24,070 - #43 (
INFO  18:11:24,070 - #51 p
INFO  18:11:24,070 - #42 .
INFO  18:11:24,070 - #51 dohvTezinu
INFO  18:11:24,070 - #43 (
INFO  18:11:24,070 - #44 )
INFO  18:11:24,070 - #44 )
INFO  18:11:24,070 - #39 ;
INFO  18:11:24,070 - #48 }
INFO  18:11:24,070 - #15 void
INFO  18:11:24,070 - #51 main
INFO  18:11:24,070 - #43 (
INFO  18:11:24,070 - #44 )
INFO  18:11:24,070 - #51 Predmet
INFO  18:11:24,070 - #51 predmeti
INFO  18:11:24,071 - #45 [
INFO  18:11:24,071 - #46 ]
INFO  18:11:24,071 - #39 ;
INFO  18:11:24,071 - #51 int
INFO  18:11:24,071 - #51 i
INFO  18:11:24,071 - #39 ;
INFO  18:11:24,071 - #51 Sfera
INFO  18:11:24,071 - #51 s1
INFO  18:11:24,071 - #41 ,
INFO  18:11:24,071 - #51 s2
INFO  18:11:24,071 - #41 ,
INFO  18:11:24,071 - #51 s3
INFO  18:11:24,071 - #39 ;
INFO  18:11:24,071 - #51 Kvadar
INFO  18:11:24,071 - #51 k1
INFO  18:11:24,071 - #41 ,
INFO  18:11:24,071 - #51 k2
INFO  18:11:24,071 - #41 ,
INFO  18:11:24,072 - #51 k3
INFO  18:11:24,072 - #39 ;
INFO  18:11:24,072 - #51 int
INFO  18:11:24,072 - #51 t
INFO  18:11:24,072 - #39 ;
INFO  18:11:24,072 - #47 {
INFO  18:11:24,072 - #51 predmeti
INFO  18:11:24,072 - #36 =
INFO  18:11:24,072 - #11 new
INFO  18:11:24,072 - #51 Predmet
INFO  18:11:24,072 - #45 [
INFO  18:11:24,072 - #50 6
INFO  18:11:24,072 - #46 ]
INFO  18:11:24,072 - #39 ;
INFO  18:11:24,072 - #51 s1
INFO  18:11:24,072 - #36 =
INFO  18:11:24,072 - #11 new
INFO  18:11:24,072 - #51 Sfera
INFO  18:11:24,072 - #39 ;
INFO  18:11:24,073 - #51 s2
INFO  18:11:24,073 - #36 =
INFO  18:11:24,073 - #11 new
INFO  18:11:24,073 - #51 Sfera
INFO  18:11:24,073 - #39 ;
INFO  18:11:24,073 - #51 s3
INFO  18:11:24,073 - #36 =
INFO  18:11:24,073 - #11 new
INFO  18:11:24,073 - #51 Sfera
INFO  18:11:24,073 - #39 ;
INFO  18:11:24,073 - #51 k1
INFO  18:11:24,073 - #36 =
INFO  18:11:24,073 - #15 void
ERROR 18:11:24,073 - Sintaksna greska na liniji 101
INFO  18:11:24,073 - #39 ;
INFO  18:11:24,073 - #51 k2
INFO  18:11:24,073 - #36 =
INFO  18:11:24,074 - #11 new
ERROR 18:11:24,074 - Sintaksna greska pri dodeli na liniji 1
INFO  18:11:24,074 - #51 Kvadar
INFO  18:11:24,074 - #39 ;
INFO  18:11:24,074 - #51 k3
INFO  18:11:24,074 - #36 =
INFO  18:11:24,074 - #11 new
INFO  18:11:24,075 - #51 Kvadar
INFO  18:11:24,075 - #39 ;
INFO  18:11:24,075 - #51 s1
INFO  18:11:24,075 - #42 .
INFO  18:11:24,075 - #51 postaviPoluprecnik
INFO  18:11:24,075 - #43 (
INFO  18:11:24,075 - #50 1
INFO  18:11:24,075 - #44 )
INFO  18:11:24,075 - #39 ;
INFO  18:11:24,075 - #51 s2
INFO  18:11:24,075 - #42 .
INFO  18:11:24,075 - #51 postaviPoluprecnik
INFO  18:11:24,075 - #43 (
INFO  18:11:24,075 - #50 2
INFO  18:11:24,075 - #44 )
INFO  18:11:24,075 - #39 ;
INFO  18:11:24,076 - #51 s3
INFO  18:11:24,076 - #42 .
INFO  18:11:24,076 - #51 postaviPoluprecnik
INFO  18:11:24,076 - #43 (
INFO  18:11:24,076 - #50 3
INFO  18:11:24,076 - #44 )
INFO  18:11:24,076 - #39 ;
INFO  18:11:24,076 - #51 k1
INFO  18:11:24,076 - #42 .
INFO  18:11:24,076 - #51 postaviStranice
INFO  18:11:24,076 - #43 (
INFO  18:11:24,076 - #50 1
INFO  18:11:24,076 - #41 ,
INFO  18:11:24,076 - #50 2
INFO  18:11:24,076 - #41 ,
INFO  18:11:24,076 - #50 3
INFO  18:11:24,076 - #44 )
INFO  18:11:24,076 - #39 ;
INFO  18:11:24,076 - #51 k2
INFO  18:11:24,076 - #42 .
INFO  18:11:24,076 - #51 postaviStranice
INFO  18:11:24,076 - #43 (
INFO  18:11:24,076 - #50 2
INFO  18:11:24,076 - #41 ,
INFO  18:11:24,077 - #50 3
INFO  18:11:24,077 - #41 ,
INFO  18:11:24,077 - #50 4
INFO  18:11:24,077 - #44 )
INFO  18:11:24,077 - #39 ;
INFO  18:11:24,077 - #51 k3
INFO  18:11:24,077 - #42 .
INFO  18:11:24,077 - #51 postaviStranice
INFO  18:11:24,077 - #43 (
INFO  18:11:24,077 - #50 3
INFO  18:11:24,077 - #41 ,
INFO  18:11:24,077 - #50 4
INFO  18:11:24,077 - #41 ,
INFO  18:11:24,077 - #50 5
INFO  18:11:24,077 - #44 )
INFO  18:11:24,077 - #39 ;
INFO  18:11:24,077 - #51 predmeti
INFO  18:11:24,077 - #45 [
INFO  18:11:24,077 - #50 0
INFO  18:11:24,077 - #46 ]
INFO  18:11:24,077 - #36 =
INFO  18:11:24,078 - #51 s1
INFO  18:11:24,078 - #39 ;
INFO  18:11:24,078 - #51 predmeti
INFO  18:11:24,078 - #45 [
INFO  18:11:24,078 - #50 2
INFO  18:11:24,078 - #46 ]
INFO  18:11:24,078 - #36 =
INFO  18:11:24,078 - #51 s2
INFO  18:11:24,078 - #39 ;
INFO  18:11:24,078 - #51 predmeti
INFO  18:11:24,078 - #45 [
INFO  18:11:24,078 - #50 4
INFO  18:11:24,078 - #46 ]
INFO  18:11:24,078 - #36 =
INFO  18:11:24,078 - #51 s3
INFO  18:11:24,078 - #39 ;
INFO  18:11:24,078 - #51 predmeti
INFO  18:11:24,078 - #45 [
INFO  18:11:24,078 - #50 1
INFO  18:11:24,078 - #46 ]
INFO  18:11:24,078 - #36 =
INFO  18:11:24,079 - #51 k1
INFO  18:11:24,079 - #39 ;
INFO  18:11:24,079 - #51 predmeti
INFO  18:11:24,079 - #45 [
INFO  18:11:24,079 - #50 3
INFO  18:11:24,079 - #46 ]
INFO  18:11:24,079 - #36 =
INFO  18:11:24,079 - #51 k2
INFO  18:11:24,079 - #39 ;
INFO  18:11:24,079 - #51 predmeti
INFO  18:11:24,079 - #45 [
INFO  18:11:24,079 - #50 5
INFO  18:11:24,079 - #46 ]
INFO  18:11:24,079 - #36 =
INFO  18:11:24,079 - #51 k3
INFO  18:11:24,079 - #39 ;
INFO  18:11:24,079 - #13 read
INFO  18:11:24,080 - #43 (
INFO  18:11:24,080 - #51 t
INFO  18:11:24,080 - #44 )
INFO  18:11:24,080 - #39 ;
INFO  18:11:24,080 - #51 i
INFO  18:11:24,080 - #36 =
INFO  18:11:24,080 - #50 0
INFO  18:11:24,080 - #39 ;
INFO  18:11:24,080 - #9 do
INFO  18:11:24,080 - #47 {
INFO  18:11:24,081 - #51 predmeti
INFO  18:11:24,081 - #45 [
INFO  18:11:24,081 - #51 i
INFO  18:11:24,081 - #46 ]
INFO  18:11:24,081 - #42 .
INFO  18:11:24,081 - #51 postaviTezinu
INFO  18:11:24,081 - #43 (
INFO  18:11:24,081 - #51 t
INFO  18:11:24,081 - #44 )
INFO  18:11:24,081 - #39 ;
INFO  18:11:24,081 - #8 if
INFO  18:11:24,081 - #43 (
INFO  18:11:24,082 - #45 [
ERROR 18:11:24,082 - Sintaksna greska na liniji 125
INFO  18:11:24,082 - #51 i
INFO  18:11:24,082 - #46 ]
INFO  18:11:24,083 - #22 instanceof
INFO  18:11:24,083 - #51 Sfera
INFO  18:11:24,083 - #44 )
INFO  18:11:24,083 - #47 {
INFO  18:11:24,083 - #12 print
INFO  18:11:24,083 - #43 (
ERROR 18:11:24,083 - Sintaksna greska pri definisanju uslova u if konstrukciji na liniji 125
INFO  18:11:24,083 - #49 s
INFO  18:11:24,083 - #44 )
INFO  18:11:24,083 - #39 ;
INFO  18:11:24,083 - #12 print
INFO  18:11:24,083 - #43 (
INFO  18:11:24,083 - #49 f
INFO  18:11:24,083 - #44 )
INFO  18:11:24,083 - #39 ;
INFO  18:11:24,083 - #12 print
INFO  18:11:24,083 - #43 (
INFO  18:11:24,083 - #49 e
INFO  18:11:24,083 - #44 )
INFO  18:11:24,083 - #39 ;
INFO  18:11:24,084 - #12 print
INFO  18:11:24,084 - #43 (
INFO  18:11:24,084 - #49 r
INFO  18:11:24,084 - #44 )
INFO  18:11:24,084 - #39 ;
INFO  18:11:24,084 - #12 print
INFO  18:11:24,084 - #43 (
INFO  18:11:24,084 - #49 a
INFO  18:11:24,084 - #44 )
INFO  18:11:24,084 - #39 ;
INFO  18:11:24,084 - #12 print
INFO  18:11:24,084 - #43 (
INFO  18:11:24,084 - #51 eol
INFO  18:11:24,084 - #44 )
INFO  18:11:24,084 - #39 ;
INFO  18:11:24,084 - #48 }
INFO  18:11:24,084 - #6 else
INFO  18:11:24,085 - #8 if
INFO  18:11:24,085 - #43 (
INFO  18:11:24,085 - #51 predmeti
INFO  18:11:24,085 - #45 [
INFO  18:11:24,085 - #51 i
INFO  18:11:24,086 - #46 ]
INFO  18:11:24,086 - #22 instanceof
INFO  18:11:24,086 - #51 Kvadar
INFO  18:11:24,086 - #44 )
INFO  18:11:24,086 - #47 {
INFO  18:11:24,086 - #12 print
INFO  18:11:24,086 - #43 (
INFO  18:11:24,086 - #49 k
INFO  18:11:24,086 - #44 )
INFO  18:11:24,086 - #39 ;
INFO  18:11:24,086 - #12 print
INFO  18:11:24,086 - #43 (
INFO  18:11:24,086 - #49 v
INFO  18:11:24,086 - #44 )
INFO  18:11:24,087 - #39 ;
INFO  18:11:24,087 - #12 print
INFO  18:11:24,087 - #43 (
INFO  18:11:24,087 - #49 a
INFO  18:11:24,087 - #44 )
INFO  18:11:24,087 - #39 ;
INFO  18:11:24,087 - #12 print
INFO  18:11:24,087 - #43 (
INFO  18:11:24,087 - #49 d
INFO  18:11:24,087 - #44 )
INFO  18:11:24,087 - #39 ;
INFO  18:11:24,087 - #12 print
INFO  18:11:24,087 - #43 (
INFO  18:11:24,087 - #49 a
INFO  18:11:24,087 - #44 )
INFO  18:11:24,087 - #39 ;
INFO  18:11:24,087 - #12 print
INFO  18:11:24,087 - #43 (
INFO  18:11:24,087 - #49 r
INFO  18:11:24,087 - #44 )
INFO  18:11:24,087 - #39 ;
INFO  18:11:24,087 - #12 print
INFO  18:11:24,087 - #43 (
INFO  18:11:24,087 - #51 eol
INFO  18:11:24,087 - #44 )
INFO  18:11:24,087 - #39 ;
INFO  18:11:24,087 - #48 }
INFO  18:11:24,087 - #51 i
INFO  18:11:24,088 - #37 ++
INFO  18:11:24,088 - #39 ;
INFO  18:11:24,088 - #48 }
INFO  18:11:24,088 - #10 while
INFO  18:11:24,088 - #43 (
INFO  18:11:24,088 - #51 i
INFO  18:11:24,088 - #32 <
INFO  18:11:24,089 - #50 6
INFO  18:11:24,089 - #44 )
INFO  18:11:24,090 - #39 ;
INFO  18:11:24,090 - #51 zapreminaS
INFO  18:11:24,090 - #36 =
INFO  18:11:24,090 - #50 0
INFO  18:11:24,090 - #39 ;
INFO  18:11:24,090 - #51 tezinaS
INFO  18:11:24,090 - #36 =
INFO  18:11:24,090 - #50 0
INFO  18:11:24,090 - #39 ;
INFO  18:11:24,090 - #51 i
INFO  18:11:24,090 - #36 =
INFO  18:11:24,090 - #50 1
INFO  18:11:24,090 - #39 ;
INFO  18:11:24,090 - #9 do
INFO  18:11:24,090 - #47 {
INFO  18:11:24,090 - #8 if
INFO  18:11:24,090 - #43 (
INFO  18:11:24,090 - #51 i
INFO  18:11:24,090 - #27 %
INFO  18:11:24,090 - #50 2
INFO  18:11:24,091 - #28 ==
INFO  18:11:24,091 - #50 0
INFO  18:11:24,091 - #44 )
INFO  18:11:24,091 - #47 {
INFO  18:11:24,091 - #51 i
INFO  18:11:24,091 - #37 ++
INFO  18:11:24,091 - #39 ;
INFO  18:11:24,091 - #17 continue
INFO  18:11:24,091 - #39 ;
INFO  18:11:24,091 - #48 }
INFO  18:11:24,092 - #51 zapreminaS
INFO  18:11:24,092 - #36 =
INFO  18:11:24,092 - #51 zapreminaS
INFO  18:11:24,092 - #23 +
INFO  18:11:24,092 - #51 predmeti
INFO  18:11:24,092 - #45 [
INFO  18:11:24,092 - #51 i
INFO  18:11:24,092 - #24 -
INFO  18:11:24,092 - #50 1
INFO  18:11:24,093 - #46 ]
INFO  18:11:24,093 - #42 .
INFO  18:11:24,093 - #51 zapremina
INFO  18:11:24,093 - #43 (
INFO  18:11:24,093 - #44 )
INFO  18:11:24,093 - #39 ;
INFO  18:11:24,093 - #51 tezinaS
INFO  18:11:24,093 - #36 =
INFO  18:11:24,094 - #51 tezinaS
INFO  18:11:24,094 - #23 +
INFO  18:11:24,094 - #51 predmeti
INFO  18:11:24,094 - #45 [
INFO  18:11:24,094 - #51 i
INFO  18:11:24,094 - #24 -
INFO  18:11:24,094 - #50 1
INFO  18:11:24,094 - #46 ]
INFO  18:11:24,094 - #42 .
INFO  18:11:24,094 - #51 Q
INFO  18:11:24,094 - #43 (
INFO  18:11:24,094 - #44 )
INFO  18:11:24,094 - #39 ;
INFO  18:11:24,094 - #51 ispis
INFO  18:11:24,094 - #43 (
INFO  18:11:24,094 - #51 predmeti
INFO  18:11:24,094 - #45 [
INFO  18:11:24,094 - #51 i
INFO  18:11:24,094 - #24 -
INFO  18:11:24,094 - #50 1
INFO  18:11:24,094 - #46 ]
INFO  18:11:24,094 - #44 )
INFO  18:11:24,094 - #39 ;
INFO  18:11:24,094 - #51 i
INFO  18:11:24,094 - #37 ++
INFO  18:11:24,094 - #39 ;
INFO  18:11:24,094 - #48 }
INFO  18:11:24,094 - #10 while
INFO  18:11:24,094 - #43 (
INFO  18:11:24,094 - #51 i
INFO  18:11:24,094 - #33 <=
INFO  18:11:24,094 - #50 6
INFO  18:11:24,095 - #44 )
INFO  18:11:24,095 - #39 ;
INFO  18:11:24,095 - #51 zapreminaK
INFO  18:11:24,095 - #36 =
INFO  18:11:24,095 - #50 0
INFO  18:11:24,095 - #39 ;
INFO  18:11:24,095 - #51 tezinaK
INFO  18:11:24,095 - #36 =
INFO  18:11:24,095 - #50 0
INFO  18:11:24,095 - #39 ;
INFO  18:11:24,095 - #51 i
INFO  18:11:24,095 - #36 =
INFO  18:11:24,095 - #50 1
INFO  18:11:24,095 - #39 ;
INFO  18:11:24,095 - #9 do
INFO  18:11:24,095 - #47 {
INFO  18:11:24,096 - #8 if
INFO  18:11:24,096 - #43 (
INFO  18:11:24,096 - #51 i
INFO  18:11:24,096 - #27 %
INFO  18:11:24,096 - #50 2
INFO  18:11:24,096 - #28 ==
INFO  18:11:24,096 - #50 1
INFO  18:11:24,096 - #44 )
INFO  18:11:24,096 - #47 {
INFO  18:11:24,096 - #51 i
INFO  18:11:24,096 - #37 ++
INFO  18:11:24,096 - #39 ;
INFO  18:11:24,096 - #17 continue
INFO  18:11:24,096 - #39 ;
INFO  18:11:24,096 - #48 }
INFO  18:11:24,096 - #51 zapreminaS
INFO  18:11:24,096 - #36 =
INFO  18:11:24,096 - #51 zapreminaS
INFO  18:11:24,096 - #23 +
INFO  18:11:24,096 - #51 predmeti
INFO  18:11:24,096 - #45 [
INFO  18:11:24,096 - #51 i
INFO  18:11:24,096 - #24 -
INFO  18:11:24,096 - #50 1
INFO  18:11:24,096 - #46 ]
INFO  18:11:24,096 - #42 .
INFO  18:11:24,096 - #51 zapremina
INFO  18:11:24,096 - #43 (
INFO  18:11:24,096 - #44 )
INFO  18:11:24,096 - #39 ;
INFO  18:11:24,096 - #51 tezinaS
INFO  18:11:24,096 - #36 =
INFO  18:11:24,096 - #51 tezinaS
INFO  18:11:24,096 - #23 +
INFO  18:11:24,096 - #51 predmeti
INFO  18:11:24,096 - #45 [
INFO  18:11:24,096 - #51 i
INFO  18:11:24,096 - #24 -
INFO  18:11:24,096 - #50 1
INFO  18:11:24,096 - #46 ]
INFO  18:11:24,096 - #42 .
INFO  18:11:24,096 - #51 Q
INFO  18:11:24,096 - #43 (
INFO  18:11:24,096 - #44 )
INFO  18:11:24,096 - #39 ;
INFO  18:11:24,096 - #51 ispis
INFO  18:11:24,096 - #43 (
INFO  18:11:24,096 - #51 predmeti
INFO  18:11:24,096 - #45 [
INFO  18:11:24,096 - #51 i
INFO  18:11:24,096 - #24 -
INFO  18:11:24,096 - #50 1
INFO  18:11:24,096 - #46 ]
INFO  18:11:24,096 - #44 )
INFO  18:11:24,096 - #39 ;
INFO  18:11:24,096 - #51 i
INFO  18:11:24,096 - #37 ++
INFO  18:11:24,096 - #39 ;
INFO  18:11:24,097 - #48 }
INFO  18:11:24,097 - #10 while
INFO  18:11:24,097 - #43 (
INFO  18:11:24,097 - #51 i
INFO  18:11:24,097 - #33 <=
INFO  18:11:24,097 - #50 6
INFO  18:11:24,097 - #44 )
INFO  18:11:24,097 - #39 ;
INFO  18:11:24,097 - #12 print
INFO  18:11:24,097 - #43 (
INFO  18:11:24,097 - #51 zapreminaS
INFO  18:11:24,097 - #44 )
INFO  18:11:24,097 - #39 ;
INFO  18:11:24,097 - #12 print
INFO  18:11:24,097 - #43 (
INFO  18:11:24,097 - #51 eol
INFO  18:11:24,097 - #44 )
INFO  18:11:24,097 - #39 ;
INFO  18:11:24,097 - #12 print
INFO  18:11:24,097 - #43 (
INFO  18:11:24,097 - #51 zapreminaK
INFO  18:11:24,097 - #44 )
INFO  18:11:24,097 - #39 ;
INFO  18:11:24,097 - #12 print
INFO  18:11:24,097 - #43 (
INFO  18:11:24,097 - #51 eol
INFO  18:11:24,097 - #44 )
INFO  18:11:24,097 - #39 ;
INFO  18:11:24,097 - #12 print
INFO  18:11:24,097 - #43 (
INFO  18:11:24,097 - #51 tezinaS
INFO  18:11:24,097 - #44 )
INFO  18:11:24,097 - #39 ;
INFO  18:11:24,097 - #12 print
INFO  18:11:24,097 - #43 (
INFO  18:11:24,097 - #51 eol
INFO  18:11:24,097 - #44 )
INFO  18:11:24,097 - #39 ;
INFO  18:11:24,097 - #12 print
INFO  18:11:24,097 - #43 (
INFO  18:11:24,097 - #51 tezinaK
INFO  18:11:24,097 - #44 )
INFO  18:11:24,097 - #39 ;
INFO  18:11:24,097 - #12 print
INFO  18:11:24,097 - #43 (
INFO  18:11:24,097 - #51 eol
INFO  18:11:24,097 - #44 )
INFO  18:11:24,097 - #39 ;
INFO  18:11:24,097 - #48 }
INFO  18:11:24,097 - #48 }
ERROR 18:11:24,098 - Parsiranje neuspesno zavrseno.
